tim@QConsulting.Pvt.Ltd.co.uk
tim@QConsultingPvtLtd.co.uk
tim@QConsultingPvt.co.uk
tim@QConsultingLtd.co.uk
tim@QConsulting.Pvt.co.uk
tim@QConsulting.Ltd.co.uk
tim@QConsulting.co.uk
tim@QConsulting.com
tim@QConsulting.org
tim@QConsulting.net
roy@DarkwingSolutions.us
roy@Darkwing-Solutions.us
roy@Darkwing.Solutions.us
roy@Darkwing.us
roy@DarkwingSolutions.com
roy@Darkwing-Solutions.com
roy@Darkwing.Solutions.com
roy@Darkwing.com
roy@DarkwingSolutions.org
roy@Darkwing-Solutions.org
roy@Darkwing.Solutions.org
roy@Darkwing.org
roy@DarkwingSolutions.net
roy@Darkwing-Solutions.net
roy@Darkwing.Solutions.net
roy@Darkwing.net
roy@Darkwing.co
elisa@Wink.co.uk
elisa@Wink.com
elisa@Wink.org
elisa@Wink.net
elisa@WinkMedia.co.uk
elisa@Wink-Media.co.uk
elisa@Wink.Media.co.uk
elisa@WinkMedia.com
elisa@Wink-Media.com
elisa@Wink.Media.com
elisa@WinkMedia.net
elisa@Wink-Media.net
elisa@Wink.Media.net
elisa@WinkMedia.io
elisa@WinkMedia.ca
james@LazyCoop.Pvt.Ltd.cn
james@LazyCoopPvtLtd.cn
james@LazyCoopPvt.cn
james@LazyCoopLtd.cn
james@LazyCoop.Pvt.cn
james@LazyCoop.Ltd.cn
james@LazyCoop.cn
james@LazyCoop.com
james@LazyCoop.org
james@LazyCoop.net
